// Vitest Snapshot v1, https://vitest.dev/guide/snapshot.html

exports[`token golden file > matches the committed dark palette 1`] = `
{
  "accent": "215 25% 19%",
  "accent-foreground": "210 20% 92%",
  "background": "215 30% 8%",
  "border": "215 22% 21%",
  "card": "215 28% 11%",
  "card-foreground": "210 20% 92%",
  "chart-1": "209 65% 60%",
  "chart-2": "118 42% 50%",
  "chart-3": "38 75% 55%",
  "chart-4": "248 45% 65%",
  "chart-5": "199 60% 58%",
  "danger": "4 60% 60%",
  "danger-foreground": "4 65% 74%",
  "danger-wash": "6 40% 16%",
  "destructive": "4 60% 55%",
  "destructive-foreground": "215 30% 8%",
  "foreground": "210 20% 92%",
  "info": "209 65% 60%",
  "info-foreground": "209 65% 74%",
  "info-wash": "209 45% 16%",
  "input": "215 22% 24%",
  "muted": "215 25% 17%",
  "muted-foreground": "214 14% 62%",
  "navy": "209 65% 60%",
  "navy-edge": "209 35% 30%",
  "navy-foreground": "215 30% 8%",
  "navy-hover": "209 65% 70%",
  "navy-ink": "248 45% 72%",
  "navy-muted": "209 40% 55%",
  "navy-wash": "209 45% 16%",
  "overlay": "215 40% 4% / 0.6",
  "popover": "215 28% 11%",
  "popover-foreground": "210 20% 92%",
  "primary": "118 42% 50%",
  "primary-foreground": "215 30% 8%",
  "primary-hover": "118 45% 58%",
  "ring": "209 65% 60%",
  "secondary": "215 25% 17%",
  "secondary-foreground": "210 20% 92%",
  "success": "118 42% 50%",
  "success-foreground": "118 45% 72%",
  "success-wash": "118 30% 14%",
  "warning": "38 75% 55%",
  "warning-foreground": "38 80% 70%",
  "warning-wash": "34 45% 15%",
}
`;

exports[`token golden file > matches the committed light palette 1`] = `
{
  "accent": "210 33% 94%",
  "accent-foreground": "209 79% 27%",
  "background": "0 0% 100%",
  "border": "214 25% 91%",
  "card": "0 0% 100%",
  "card-foreground": "215 28% 15%",
  "chart-1": "209 79% 35%",
  "chart-2": "118 45% 40%",
  "chart-3": "34 88% 45%",
  "chart-4": "248 39% 45%",
  "chart-5": "199 60% 45%",
  "danger": "4 62% 43%",
  "danger-foreground": "4 65% 34%",
  "danger-wash": "6 70% 96%",
  "destructive": "4 62% 43%",
  "destructive-foreground": "0 0% 100%",
  "foreground": "215 28% 15%",
  "info": "209 79% 27%",
  "info-foreground": "209 79% 22%",
  "info-wash": "209 60% 95%",
  "input": "214 25% 87%",
  "muted": "210 25% 96%",
  "muted-foreground": "215 16% 45%",
  "navy": "209 79% 27%",
  "navy-edge": "209 40% 82%",
  "navy-foreground": "0 0% 100%",
  "navy-hover": "209 79% 20%",
  "navy-ink": "248 39% 26%",
  "navy-muted": "209 45% 45%",
  "navy-wash": "209 60% 95%",
  "overlay": "215 30% 12% / 0.45",
  "popover": "0 0% 100%",
  "popover-foreground": "215 28% 15%",
  "primary": "118 45% 40%",
  "primary-foreground": "0 0% 100%",
  "primary-hover": "118 47% 33%",
  "radius": "0.375rem",
  "ring": "209 79% 35%",
  "secondary": "210 30% 96%",
  "secondary-foreground": "209 79% 27%",
  "success": "118 45% 40%",
  "success-foreground": "118 55% 22%",
  "success-wash": "118 40% 95%",
  "warning": "34 88% 32%",
  "warning-foreground": "34 90% 24%",
  "warning-wash": "38 80% 94%",
}
`;
