// Vitest Snapshot v1, https://vitest.dev/guide/snapshot.html

exports[`NotificationBell > matches the committed markup with the panel open 1`] = `
"<div class="relative"><button class="inline-flex items-center justify-center gap-2 whitespace-nowrap rounded-md text-sm font-medium transition-colors focus-visible:outline-none focus-visible:ring-1 focus-visible:ring-ring disabled:pointer-events-none disabled:opacity-50 [&amp;_svg]:pointer-events-none [&amp;_svg]:size-4 [&amp;_svg]:shrink-0 hover:bg-accent hover:text-accent-foreground h-9 w-9 relative" aria-label="Notifications" aria-expanded="true"><svg xmlns="http://www.w3.org/2000/svg" width="24" height="24" viewBox="0 0 24 24" fill="none" stroke="currentColor" stroke-width="2" stroke-linecap="round" stroke-linejoin="round" class="lucide h-5 w-5 lucide-bell-icon lucide-bell h-5 w-5" aria-hidden="true">
      <path d="M10.268 21a2 2 0 0 0 3.464 0"></path>
      <path d="M3.262 15.326A1 1 0 0 0 4 17h16a1 1 0 0 0 .74-1.673C19.41 13.956 18 12.499 18 8A6 6 0 0 0 6 8c0 4.499-1.411 5.956-2.738 7.326"></path>
    </svg><span class="absolute right-1 top-1 grid h-4 min-w-4 place-content-center rounded-full bg-danger px-1 text-[10px] font-semibold leading-none text-white">1</span></button>
  <div class="absolute right-0 top-11 z-50 w-[22rem] max-w-[calc(100vw-2rem)] overflow-hidden rounded-md border bg-popover shadow-lg">
    <div class="flex items-center gap-2 border-b px-3 py-2">
      <p class="text-sm font-semibold">Notifications</p><span class="flex-1"></span><button type="button" class="inline-flex items-center gap-1 text-xs font-medium text-navy hover:underline"><svg xmlns="http://www.w3.org/2000/svg" width="24" height="24" viewBox="0 0 24 24" fill="none" stroke="currentColor" stroke-width="2" stroke-linecap="round" stroke-linejoin="round" class="lucide h-3.5 w-3.5 lucide-check-check-icon lucide-check-check h-3.5 w-3.5" aria-hidden="true">
          <path d="M18 6 7 17l-5-5"></path>
          <path d="m22 10-7.5 7.5L13 16"></path>
        </svg> Mark all read</button>
    </div>
    <div class="max-h-[60vh] overflow-y-auto"><button type="button" class="flex w-full items-start gap-3 border-b px-3 py-2.5 text-left last:border-b-0 transition-colors hover:bg-accent bg-navy-wash/50"><span class="mt-0.5 grid h-6 w-6 shrink-0 place-content-center rounded-full bg-danger-wash text-danger"><svg xmlns="http://www.w3.org/2000/svg" width="24" height="24" viewBox="0 0 24 24" fill="none" stroke="currentColor" stroke-width="2" stroke-linecap="round" stroke-linejoin="round" class="lucide h-3.5 w-3.5 lucide-triangle-alert-icon lucide-triangle-alert h-3.5 w-3.5" aria-hidden="true"><path d="m21.73 18-8-14a2 2 0 0 0-3.48 0l-8 14A2 2 0 0 0 4 21h16a2 2 0 0 0 1.73-3"></path><path d="M12 9v4"></path><path d="M12 17h.01"></path></svg></span><span class="min-w-0 flex-1"><span class="block text-sm leading-snug">Double booking on Routinekontrolle Bergmann</span>
        <!--v-if--><span class="mt-0.5 block text-xs text-muted-foreground">vor etwa 4 Stunden</span></span>
      </button></div>
  </div>
</div>"
`;
